// Jest Snapshot v1, https://goo.gl/fbAQLP

exports[`renders at all 1`] = `
<View
  style={
    Object {
      "backgroundColor": "white",
      "flex": 1,
    }
  }
>
  <View>
    <View
      style={
        Object {
          "backgroundColor": "dodgerblue",
          "borderBottomColor": "rgb(106, 182, 255)",
          "borderBottomWidth": 0,
          "elevation": 1,
        }
      }
    >
      <View
        style={
          Object {
            "height": 22,
          }
        }
      />
      <View
        style={
          Object {
            "flexDirection": "row",
            "padding": 10,
          }
        }
      >
        <View
          accessible={true}
          isTVSelectable={true}
          onResponderGrant={[Function]}
          onResponderMove={[Function]}
          onResponderRelease={[Function]}
          onResponderTerminate={[Function]}
          onResponderTerminationRequest={[Function]}
          onStartShouldSetResponder={[Function]}
          style={
            Object {
              "opacity": 1,
            }
          }
        >
          <View
            style={
              Object {
                "alignItems": "center",
                "justifyContent": "center",
                "padding": 6,
                "paddingLeft": 16,
                "paddingRight": 16,
              }
            }
          >
            <Text
              allowFontScaling={false}
              style={
                Array [
                  Object {
                    "color": "rgb(255, 255, 255)",
                    "fontSize": 18,
                  },
                  undefined,
                  Object {
                    "fontFamily": "FontAwesome",
                    "fontStyle": "normal",
                    "fontWeight": "normal",
                  },
                  Object {},
                ]
              }
            >
              
            </Text>
          </View>
        </View>
        <Text
          ellipsizeMode="tail"
          numberOfLines={1}
          style={
            Object {
              "color": "rgb(255, 255, 255)",
              "flex": 1,
              "fontSize": 20,
              "fontWeight": "300",
            }
          }
        >
          Group Management
        </Text>
      </View>
    </View>
    <View
      style={
        Object {
          "alignItems": "center",
          "backgroundColor": "#f3f3f3",
          "borderBottomWidth": 0,
          "borderColor": "rgb(205, 205, 205)",
          "borderTopWidth": 0,
          "flexDirection": "row",
          "paddingLeft": 16,
          "paddingRight": 16,
        }
      }
    >
      <View
        style={
          Object {
            "flex": 1,
          }
        }
      />
      <View
        style={
          Object {
            "flexDirection": "row",
            "marginRight": 10,
          }
        }
      >
        <View
          accessible={true}
          isTVSelectable={true}
          onResponderGrant={[Function]}
          onResponderMove={[Function]}
          onResponderRelease={[Function]}
          onResponderTerminate={[Function]}
          onResponderTerminationRequest={[Function]}
          onStartShouldSetResponder={[Function]}
          style={
            Object {
              "opacity": 1,
            }
          }
        >
          <View
            style={
              Object {
                "borderColor": "rgba(255,255,255,0.3)",
                "borderRightWidth": 1,
                "marginRight": 10,
                "padding": 10,
              }
            }
          >
            <Text
              style={
                Object {
                  "color": "rgb(39, 39, 39)",
                }
              }
            >
              <Text
                allowFontScaling={false}
                style={
                  Array [
                    Object {
                      "color": undefined,
                      "fontSize": 12,
                    },
                    undefined,
                    Object {
                      "fontFamily": "FontAwesome",
                      "fontStyle": "normal",
                      "fontWeight": "normal",
                    },
                    Object {},
                  ]
                }
              >
                
              </Text>
               
              Add group
               
            </Text>
          </View>
        </View>
        <View
          accessible={true}
          isTVSelectable={true}
          onResponderGrant={[Function]}
          onResponderMove={[Function]}
          onResponderRelease={[Function]}
          onResponderTerminate={[Function]}
          onResponderTerminationRequest={[Function]}
          onStartShouldSetResponder={[Function]}
          style={
            Object {
              "opacity": 1,
            }
          }
        >
          <View
            style={
              Object {
                "borderColor": "rgba(255,255,255,0.3)",
                "borderRightWidth": 0,
                "marginRight": 0,
                "padding": 10,
              }
            }
          >
            <Text
              style={
                Object {
                  "color": "rgb(39, 39, 39)",
                }
              }
            >
              <Text
                allowFontScaling={false}
                style={
                  Array [
                    Object {
                      "color": undefined,
                      "fontSize": 12,
                    },
                    undefined,
                    Object {
                      "fontFamily": "FontAwesome",
                      "fontStyle": "normal",
                      "fontWeight": "normal",
                    },
                    Object {},
                  ]
                }
              >
                
              </Text>
               
              Manage Users
               
            </Text>
          </View>
        </View>
      </View>
    </View>
  </View>
  <RCTScrollView
    refreshControl={
      <RefreshControlMock
        onRefresh={[Function]}
        refreshing={false}
      />
    }
  >
    <RCTRefreshControl />
    <View />
  </RCTScrollView>
</View>
`;
